752338355 369667436 387532326 461549619 292201508 13377087 406050718 908695460 593036470 209403180 841685153 877825495 348111378 312469941 997611530 810204318 856616864 63222311 735711248 607193826 498182016 439499720 945648912 495563992 881569477 847058873 854259198 872452401 148070992 885065201 29353850 354244519
