2440542791 5
7728 146536
146536 468876
468876 241851
241851 374587
374587 484175
