287457745 826655568 367609038
218879626 913236008 609348037
150301507 1572095 851087036
