841133484 118616186 387269064
121612170 567763104 306760189
555421566 437632179 906333150
