711161863 56839540 998148283
908608938 99678686 702771417
601491507 112327507 298795712
