1
-1
1
1
0
1
29 17 998244341 998244346
998244346 998244336 12 29
4 499122175 998244347 499122179
1 0 0 1
