999999999
999999998
-1
499999999
1
2
-1
1
999999993
499999997
7
3
999999999
999999998
-1
499999999
1
2
-1
1
999999997
999999998
3
2
999999936
999999935
499999968
999999936
1
2
499999969
1
1
2
499999969
1
999999936
999999935
499999968
999999936
