14447158
79
583844340
132702011
83
681027166
16515894
91
451767785
34681604
22
341298095
-1
2
26529578
-1
81
140975705
-1
35
29333682
-1
7
69710310
-1
62
18156640
3069553
97
6472158
738916
88
218711572
-1
43
60073653
56189192
29
58343497
-1
45
566909
-1
36
7949446
-1
90
113276444
-1
64
356693634
31305393
35
27850880
-1
15
115179446
-1
29
219366376
-1
99
3856632
-1
-1
-1
-1
-1
-1
-1
-1
-1
-1
-1
-1
-1
-1
-1
-1
-1
-1
-1
-1
-1
-1
-1
-1
-1
2
5
10
11
26
50
23
4
6
1
