288550174
16
770341299
230724
97
390226101
27486032
41
575492810
294111512
34
520929640
40290685
8
232983782
2712373
67
123424931
72044160
35
30458183
84432035
11
161502048
-1
35
3509153
-1
4
-1
-1
-1
-1
-1
-1
-1
-1
-1
-1
-1
-1
-1
-1
-1
-1
-1
-1
-1
-1
-1
-1
-1
-1
-1
-1
-1
-1
-1
-1
-1
-1
-1
-1
-1
-1
-1
-1
-1
-1
-1
-1
-1
-1
-1
-1
-1
-1
-1
-1
-1
32
23
14
1
11
2
31
31
4
7
8
6
37
39
2
17
50
