303035112
69
943075371
302622644
46
12375020
53481097
91
402957220
34842367
5
842717003
256150380
15
501772252
388279201
90
513881538
299949626
49
-1
11
3645981
-1
13
58324783
-1
-1
-1
-1
-1
-1
-1
-1
-1
-1
-1
-1
-1
-1
-1
-1
-1
-1
-1
-1
-1
-1
-1
-1
-1
-1
-1
-1
-1
-1
-1
-1
-1
-1
-1
-1
-1
-1
-1
-1
18
26
26
26
30
63
4
36
17
56
4
43
45
22
9
4
4
7
39
16
32
14
1
34
4
6
29
20
55
78
52
