237480909
31
675854661
6149721
78
817234776
484607382
80
349565729
73955897
31
904766432
84134839
11
441624381
96816071
5
904218860
409893969
70
694285439
15869375
6
214655426
5584499
67
163452931
58211911
31
898653970
222934040
20
779151095
96361443
-1
76
31438947
91628022
10
19456069
17426256
47
293978295
-1
83
1658298
-1
87
93292511
-1
96
1011165
-1
79
12502231
-1
95
26126735
-1
16
64655622
18423812
60
43293027
-1
53
181331737
-1
-1
-1
-1
-1
-1
-1
-1
-1
-1
-1
-1
-1
-1
-1
-1
-1
-1
-1
-1
-1
-1
36
24
42
32
36
10
10
43
