360582408
85
354979086
75667765
20
13715788
502875112
54
91668396
202261160
52
39689524
253577716
51
507604964
68463762
-1
88
85449606
-1
98
491925801
-1
65
52868025
-1
50
114850063
122111834
91
253786974
-1
38
269352902
-1
44
3831358
-1
33
326809392
-1
33
276222485
-1
60
53108172
-1
24
162471871
54877677
29
57231432
-1
79
154910251
29628606
37
33572920
206238527
7
102170343
-1
100
192135641
-1
-1
-1
-1
-1
-1
-1
-1
-1
-1
-1
-1
-1
-1
-1
-1
-1
-1
-1
-1
-1
-1
-1
-1
-1
-1
-1
-1
-1
-1
88
9
15
47
