943221044
91
128369476
69839746
53
429740770
41309040
48
139039302
288286127
53
251751745
365838020
18
106201301
194417491
23
770385358
609107539
65
91940060
12215916
5
636729045
789384781
81
381978889
870403380
59
-1
67
202285862
-1
56
82041
-1
43
89436132
-1
48
32903596
217917337
90
50124172
-1
24
10552121
-1
13
-1
-1
-1
-1
-1
-1
-1
-1
-1
-1
-1
-1
-1
-1
-1
-1
-1
-1
-1
-1
-1
-1
-1
2
15
51
37
49
9
6
72
4
49
36
45
42
1
22
75
78
13
49
57
55
10
4
85
51
