225739643
88
-1
83
149319
-1
-1
-1
-1
-1
-1
-1
-1
-1
-1
-1
-1
-1
-1
-1
-1
-1
-1
-1
-1
-1
-1
-1
-1
-1
-1
-1
-1
-1
-1
-1
-1
-1
-1
-1
-1
-1
-1
-1
-1
11
26
69
72
29
24
14
31
3
7
43
20
10
69
28
5
19
23
56
3
5
17
20
2
22
8
32
9
42
4
1
49
8
6
4
8
39
18
39
17
10
82
39
26
9
34
1
9
19
33
18
19
80
