143382401
5
936733112
155691336
9
913463720
158597294
99
379074480
622406034
65
478520189
450215668
37
426485418
426346628
56
258148111
192404635
57
546778763
267401769
2
359007409
287699186
72
505959951
572047544
21
112107486
4
189673501
5888640
26
108975637
-1
15
207432264
-1
-1
-1
-1
-1
-1
-1
-1
-1
-1
-1
-1
-1
-1
-1
-1
-1
-1
-1
-1
-1
-1
-1
-1
-1
-1
-1
-1
-1
-1
-1
-1
-1
-1
-1
-1
-1
-1
-1
-1
-1
16
42
6
19
87
38
17
23
21
4
18
2
5
57
19
40
5
19
3
