58528827
53
629134420
44972291
-1
91
195756843
-1
85
420502
261691644
69
120398153
-1
49
70546
-1
92
1714063
-1
61
217309414
-1
71
337842674
-1
85
33582207
-1
46
11923
-1
-1
-1
-1
-1
-1
-1
-1
-1
-1
-1
-1
-1
-1
-1
-1
-1
-1
-1
-1
-1
-1
66
24
5
19
18
1
3
6
1
17
4
43
47
13
11
23
9
16
22
25
32
5
18
9
3
5
8
5
29
19
73
3
18
4
13
6
10
39
3
1
35
1
22
1
60
6
