226350882
31
688366434
53741581
7
663493425
99413881
22
670837356
74810605
98
731280211
3499459
43
717625994
634719710
74
827074957
214480285
6
172999017
138697004
56
646389616
179525905
88
64445649
72024870
29
273425597
94750166
32
856844275
737507727
85
522381190
130175074
56
415952702
355515617
90
439355673
49
142316526
-1
42
141097108
30722800
96
175613830
-1
-1
-1
-1
-1
-1
-1
-1
-1
-1
-1
-1
-1
-1
-1
-1
-1
-1
-1
-1
-1
7
35
37
18
27
6
23
17
26
1
13
14
31
35
1
40
56
9
4
13
37
27
4
8
10
27
1
