697176738
49
46135092
176761231
71
94303955
341708170
16
795618413
139445988
57
270861646
156917004
23
266966870
363504023
21
14150805
44595431
29
339192307
261977713
89
220224573
498598262
74
794342034
204450153
33
90171324
384394529
57
939444135
221636231
24
186326279
502969912
76
122820055
421101770
89
32674860
621643670
51
717982054
-1
93
8668136
27255368
51
335046364
-1
49
315752008
-1
79
120103779
360182794
76
191648493
32847394
74
139832550
-1
87
195545554
440069870
14
89727237
-1
77
76351131
48563744
59
50250256
-1
96
3797266
-1
-1
-1
-1
-1
-1
-1
-1
-1
-1
-1
-1
-1
-1
-1
-1
-1
52
9
12
