580933012
1
99512180
169932070
100
709986258
264979710
41
452716803
112576832
37
705457717
303791706
64
154767029
7611069
5
110447027
22414162
44
337779234
13615707
38
606370057
56461715
58
627219750
102149228
54
619799308
631406500
10
236918025
14308050
42
756024345
317623775
84
505188227
378877776
41
920541942
132775431
64
247720511
510625981
44
556063182
20701749
56
924127959
412786996
-1
68
313812606
-1
36
5434588
31449119
40
427677711
11012809
97
298988673
6358238
-1
-1
-1
-1
-1
-1
-1
-1
-1
-1
2
13
1
29
39
21
14
12
26
42
16
53
22
6
9
29
19
21
34
11
32
29
10
1
