322643389
60
603896606
182049820
71
811416861
106828178
19
753495845
328084092
65
558957612
265173959
82
341019096
101297648
90
135859159
508650575
-1
5
71359042
7090384
3
6071932
75113170
21
85798676
-1
91
21899094
-1
44
138884319
-1
9
71364409
5359702
29
216145222
5973762
20
12863
-1
69
-1
-1
-1
-1
-1
-1
-1
-1
-1
-1
-1
-1
-1
-1
-1
-1
-1
-1
-1
-1
-1
-1
12
3
1
4
6
1
12
5
67
21
57
29
15
20
65
43
53
32
4
31
33
76
18
13
2
21
2
17
35
1
18
2
