545875501
61
35397190
412454094
88
72642537
79083960
84
66134323
59
41719666
410380963
9
61203987
-1
88
31802
-1
6
1049827
-1
87
119928943
-1
79
297831457
-1
16
28411487
390496504
17
103878963
57057268
57
43289872
12613585
-1
-1
-1
-1
-1
-1
-1
-1
-1
-1
-1
-1
-1
-1
-1
-1
-1
-1
-1
-1
-1
-1
-1
-1
-1
-1
-1
-1
-1
-1
-1
-1
-1
-1
-1
-1
30
28
1
12
21
35
20
5
6
46
5
14
9
5
53
43
42
8
18
25
9
18
14
1
51
52
