176378505
10
795293331
321356660
68
776846572
108083138
50
954270280
231157807
11
734240996
109070098
70
614105360
656745939
15
514781002
315581666
27
351903271
812278130
89
811582679
290787781
1
954217651
442989635
55
247606434
463757775
80
385661422
88871723
73
256349990
247458227
63
612159695
667022308
12
622516435
324869722
23
675876883
52138750
47
-1
74
63756689
96710409
89
548518
-1
67
892590
-1
35
90493424
177442691
71
60146926
229922390
46
10027082
-1
-1
-1
-1
-1
-1
-1
-1
-1
-1
-1
-1
-1
-1
-1
30
74
80
21
6
24
4
52
16
21
32
13
35
40
46
1
4
33
