613163784
37
864703146
9829864
56
81737577
31799093
30
593911563
239560636
41
631892974
434967221
47
622717768
169536462
25
28390331
216594051
41
573325181
20828518
64
524195041
722415505
67
227405977
90782514
77
332157740
517105417
82
970130966
518733257
51
7802697
584326160
24
442365755
72224411
99
867071139
279499075
21
315556057
-1
45
197102574
-1
74
3700970
-1
-1
-1
-1
-1
-1
-1
-1
-1
-1
-1
-1
-1
-1
-1
-1
-1
-1
-1
-1
-1
-1
-1
-1
-1
-1
-1
-1
-1
-1
-1
-1
-1
-1
-1
59
37
5
46
22
40
36
26
7
1
66
48
