303765560
43
186816404
58205969
99
352181035
2266300
54
94111584
290669435
90
615789584
175309715
85
91242320
49822806
91
-1
94
229413606
-1
9
101645868
-1
29
4325515
-1
22
384263009
-1
17
253283098
-1
34
206281008
-1
92
139317899
-1
63
10976467
226399655
39
293276332
-1
70
33497398
-1
30
109936252
-1
48
34538417
-1
22
5966265
-1
58
351292130
-1
70
69392418
-1
-1
-1
-1
-1
-1
-1
26
29
64
10
29
12
10
3
11
2
3
17
33
5
7
22
23
2
28
21
30
2
78
3
1
7
10
21
20
