677983274
42
436027560
717444382
2
616570267
16216582
63
397190489
146377313
17
750825246
13774022
18
838204424
11336434
13
368668685
426113000
13
648994339
740138448
86
898644692
773703359
98
249899043
123757186
17
541653227
369162446
71
785160952
243557685
31
390797917
262091230
71
907178477
519888860
10
624312730
373536195
87
705858464
-1
85
303277489
-1
10
199572188
-1
38
133647483
-1
78
52625586
-1
66
368086142
-1
92
62806347
1109615
99
101835405
-1
93
31442309
-1
59
271643099
25149328
35
53057154
-1
35
70458089
-1
38
117675072
-1
78
250477881
-1
-1
1
3
22
10
3
40
1
19
60
2
5
23
