148974832
62
218496171
136398182
77
48891143
257465129
30
819067292
152723789
67
250202063
480549569
86
675728583
80750600
75
184525391
92062174
21
804171573
219388575
93
319115633
451894720
18
522136225
125899922
43
584590232
757530850
34
-1
79
34255145
30115462
-1
-1
-1
-1
-1
-1
-1
-1
21
6
3
79
3
16
11
66
1
81
6
4
9
36
15
58
12
12
10
43
20
66
10
33
51
20
18
65
68
15
49
24
25
5
6
22
5
13
5
64
44
37
7
79
1
19
6
3
5
27
60
16
2
16
