3808352
49
728077983
153346772
53
974352610
94733182
100
879194456
41628783
7
175964485
19956644
62
613751929
28089026
57
519691682
616963529
23
932516213
319504738
24
757058045
293436356
6
139596916
233416764
44
20622923
121656876
50
71088499
93018487
75
-1
16
258692274
-1
74
2199553
-1
22
160889284
-1
44
319442475
-1
96
27981971
70854486
72
882960
-1
82
318670442
178269139
5
148790849
216558303
80
76360520
-1
13
4191474
-1
40
191553432
-1
-1
-1
-1
-1
-1
-1
-1
-1
-1
23
6
19
26
84
42
36
77
86
19
8
9
4
1
20
20
7
11
40
36
1
