543892924
7
809639400
203572669
55
459485216
177355044
93
578792232
163089258
70
48888650
201714222
98
615845741
6323837
15
756471712
269550120
65
994890036
25798347
97
222230823
351785209
44
581286161
4155868
41
216836706
382697621
43
623803498
518117540
41
-1
45
314524590
-1
18
186848785
-1
84
137330546
-1
90
208252141
-1
26
10541711
8121985
31
278162943
149629470
27
33835
-1
100
2377165
-1
90
46189406
-1
31
88119934
19580561
2
3171260
-1
4
21614524
-1
-1
-1
-1
-1
-1
-1
-1
-1
-1
-1
-1
-1
-1
-1
-1
-1
-1
-1
-1
-1
-1
-1
12
1
26
30
