397791282
90
566302866
119521480
86
354284111
11321002
61
269503730
371571972
34
226150703
246710590
43
435939360
428812170
31
411482866
211053140
45
629334284
344190295
84
436928532
510845984
86
805152515
39822378
20
744108390
177566974
97435341
6
6880312
164443514
45
198679504
-1
40
484773347
-1
100
313473704
-1
66
370281649
-1
28
29215228
-1
87
162619307
152131004
67
17863791
-1
6
209787652
-1
46
66935207
-1
-1
-1
-1
-1
-1
-1
-1
-1
-1
-1
-1
-1
-1
-1
-1
-1
-1
-1
-1
-1
-1
-1
2
86
28
5
30
21
20
5
17
4
27
34
2
10
