534199
75
133535416
35343251
89
588222932
186509914
90
282580259
422503938
47
537568731
224271484
20
492014958
13716718
23
545441458
-1
58
127664713
97690134
77
91270
-1
78
416109029
-1
42
190293873
-1
62
287943273
-1
3
1676146
-1
64
237693407
-1
50
61427689
-1
95
341132018
-1
47
7233762
-1
78
-1
-1
-1
-1
-1
-1
-1
-1
-1
-1
-1
-1
-1
-1
-1
-1
-1
-1
-1
-1
-1
-1
-1
-1
22
16
17
74
68
57
8
4
18
2
3
27
29
19
45
2
27
3
1
32
6
38
45
6
42
