4028554
33
45517255
608835279
75
694052950
98564767
29
-1
59
235461496
-1
94
406015899
-1
57
245211156
-1
-1
-1
-1
-1
-1
-1
-1
-1
-1
-1
-1
-1
-1
-1
-1
-1
-1
-1
-1
-1
-1
-1
-1
-1
-1
-1
-1
-1
-1
-1
-1
-1
-1
-1
-1
-1
-1
-1
-1
-1
-1
-1
-1
-1
-1
-1
-1
-1
-1
-1
27
16
1
33
27
45
9
33
6
16
16
41
1
30
1
38
26
24
70
59
82
2
10
22
32
7
2
45
23
47
