22151367
17
941792870
604959783
82
-1
70
94567379
-1
74
122019687
-1
10
318671481
-1
46
31909644
217952592
13
36775147
-1
10
7365154
88280190
17
7246496
-1
60
46274949
264929650
29
118669009
-1
19
28725922
-1
55
315384371
-1
23
163025978
-1
-1
-1
-1
-1
-1
-1
-1
-1
-1
-1
-1
-1
-1
-1
-1
-1
-1
-1
-1
-1
-1
18
41
33
5
7
1
30
34
47
26
4
7
47
21
2
29
1
12
28
9
4
11
8
88
2
2
59
2
4
20
31
3
1
73
