165704577
25
233711366
476350557
10
395835550
231078660
79
843438929
577301844
41
4916536
71541646
75
-1
73
110177141
214079176
88
29438787
349897441
67
36838620
-1
30
392017053
-1
31
6113235
-1
100
458990649
-1
2
425505812
-1
2
47098436
-1
86
482866848
-1
64
21576326
-1
-1
-1
-1
-1
-1
-1
-1
-1
-1
-1
-1
-1
-1
-1
-1
-1
-1
-1
-1
-1
-1
-1
-1
-1
-1
-1
-1
-1
-1
-1
-1
2
20
46
8
1
21
12
17
21
39
18
55
19
8
28
66
15
4
8
5
17
15
