25110665
46
604291851
516923469
3
867289442
16884834
77
868414429
340406106
58
631608992
25379729
99
138812636
757646857
68
97208946
287864730
47
911552635
229221842
87
826768126
316264146
95
899160549
636326355
73
755977624
306025959
17
107644133
664015897
10
777889930
316451416
90
484207691
19255150
-1
65
1633573
21161359
46
236089216
-1
-1
-1
-1
-1
-1
-1
-1
-1
-1
-1
-1
-1
-1
-1
-1
-1
-1
-1
-1
-1
-1
-1
-1
-1
-1
-1
-1
-1
-1
-1
-1
-1
-1
-1
-1
-1
-1
-1
-1
-1
-1
-1
-1
-1
39
16
23
11
45
18
36
