27552575
14
-1
84
5106220
-1
-1
-1
-1
-1
-1
-1
-1
-1
-1
-1
-1
-1
-1
-1
-1
-1
-1
-1
-1
-1
-1
-1
-1
-1
-1
-1
-1
-1
-1
-1
-1
-1
-1
-1
-1
-1
-1
23
43
29
22
61
75
5
16
26
25
38
19
30
50
20
32
10
65
7
63
1
40
8
1
46
7
66
17
65
19
59
68
3
7
87
27
23
5
18
2
18
1
1
3
36
1
8
41
15
58
31
1
9
33
30
