335096252
91
895425547
43928731
31
207226003
859836635
46
394593368
228917493
97
936433296
862421303
83
929003502
17102652
18
13229363
275001113
16
985997201
194694798
345352856
57
34156098
38283945
74
141376095
-1
35
448352260
200336724
38
29554289
-1
22
11240769
-1
33
192268157
-1
16
36739070
-1
10
46408047
160516828
54
10381726
-1
-1
-1
-1
-1
-1
-1
-1
-1
-1
-1
-1
-1
-1
-1
-1
-1
-1
-1
-1
-1
-1
-1
-1
2
63
15
18
3
27
41
12
54
4
6
18
7
23
33
1
21
40
4
28
11
9
41
3
22
