116325298
55
978070237
368954210
82
622064091
127314033
34
45853498
520430383
65
306731117
296525430
11
45497227
2296569
92
640782846
535759373
4
975627159
30763198
22
345033542
37090724
-1
82
81528182
-1
83
44951903
95436636
11
-1
-1
-1
-1
-1
-1
-1
-1
-1
-1
-1
-1
-1
-1
-1
-1
-1
-1
-1
-1
-1
-1
-1
19
28
1
14
74
41
11
27
4
9
73
5
11
10
31
1
28
15
20
44
9
3
14
9
14
61
90
20
5
4
16
68
19
19
13
3
14
22
11
17
47
9
11
