326383
496437
396597
432582
24
296128
296632
23
341482
22
410688
1
302484
21
430476
372633
344412
1
292294
423272
466926
487311
26
485502
421790
280990
477834
408972
278992
21
22
462660
1
275248
304745
458556
18
357637
285562
22
325984
436956
417552
439089
18
443301
449430
490632
416044
291034
301591
22
408634
497598
332725
357545
499569
468033
378728
392422
20
290404
425589
302503
433986
22
389562
309058
22
20
473676
388002
412404
378199
24
473703
478131
404147
494574
378935
302218
466980
26
462471
22
484071
437361
20
335413
1
26
321800
26
409154
457476
323040
305942
363042
22
473298
415368
469356
24
