100001 100001 100001 100001 100001 100001 100001 3 3 4 6 9 13 18 24 31 39 48 58 69 81 94 108 123
