1368682668 486915435 539582671 514229283 575175505
