4
16
113
232


177

249

97

166
170
246

58
83
132
158

171


200
244

105

47
156

26
134
157

53
130

28
212

240

231

81
95
101
128

35
225


37
68
92
215

43
87
126

166
174
246

234

46
54
71
123

234

22
63

184


165

102
103
157
218

21
25
91
100
118
204
238
240

54

96

67
180
218

10
51
144
182
200
244

212

122
227
243


62
74
213

155

225

248

25
100
104
118
222
238

179
185

56
58
132
216



105


