97

32
73

370


365

19
234

31
34


1
214
482

340

192



340


89
210
466
484


137
228

404

172


324


85
285
459





415
418

10
344

236



72
381

184

203
377


335
442

21


265
484

448

1
214

96

25
81



194
313

145
215

127
478


66
89
210


43

291
465


157
161
381

35
90
241
271
475

117


93


184
477

375
462


459

146

134
357

16
30

120
213
222
366

13
223


406
470



197
272


467

53
123
290

234

242
412

20
226
331

44

291

327

52
395
464


409

364
406
474

17
202
486


165


50
373

7
314

281


43

172
411
467

265

