1237
2638

999
7863

5932





2564


656
1394
5220
8579

8927
9354

117
7260


5604
8379

1844

8569



7612

4279
7751
8833

6341



5783
7000

6833





8662

6957

3173
9466




1207

1110





1257


5708

5236

2187
5259
7849
9907

5482



8616

1936
2481

1281
4226

665

759
6424
7027

6975



6380

7553

5825

4674

4595
6480



6077



3725

5032
9879

3057

2392
2951
4988

4560
5218

4068

3891
3930

1471
6395
9659

9152


9832

7499

1130

7635

4923


5085

2342

6518
7916

461


7968

303
9954




2515

5827

2517

1070


918


