4
8
11
24
25
28
30
40

22

9
22

2
4
8
11
24
28
44

2
4
8
10
11
15
19
25
26
27
28
30
31
36
38
44
46

3
27
35
41
49

2
3
15
18
19
21
26
28
35
38
41
49

5
6
7
12
16
33
37
43
45

22

2
3
19
21
27
31
35
38
41
44
49

0
9
18
21
22
29
34
42

5
12
14
18
21
37
43
45

5
7
12
16
17
33
37
43
45

3

35
41
49

3
27
35
41
49

14
15
18
21
34
42
46

35
41
42

3
49

3
19
35
41
49

