
17
25


5
25

0
3
8
12
14
16
18
26
27
28
31
34

5
25

22
27
28

5
25
33

5
25
33

5
25
33

