











































24804






























16100


























